// Jest Snapshot v1, https://goo.gl/fbAQLP

exports[`snapshots for home screen 1`] = `
{
  "asFragment": [Function],
  "baseElement": <body>
    <div>
      <main
        class="flex min-h-screen flex-col items-center justify-between p-24"
      >
        <div>
          Home component
        </div>
        This is main screen
        <input
          name="name"
          placeholder="input testing"
          readonly=""
          type="text"
          value="Ahmed"
        />
        <div>
          <h1>
            OnChange Event Testing
          </h1>
          <input
            type="text"
            value=""
          />
          <div>
            <h1>
              Test Click Event with Button
            </h1>
            <button>
              Update   
            </button>
            <h1 />
          </div>
        </div>
      </main>
    </div>
  </body>,
  "container": <div>
    <main
      class="flex min-h-screen flex-col items-center justify-between p-24"
    >
      <div>
        Home component
      </div>
      This is main screen
      <input
        name="name"
        placeholder="input testing"
        readonly=""
        type="text"
        value="Ahmed"
      />
      <div>
        <h1>
          OnChange Event Testing
        </h1>
        <input
          type="text"
          value=""
        />
        <div>
          <h1>
            Test Click Event with Button
          </h1>
          <button>
            Update   
          </button>
          <h1 />
        </div>
      </div>
    </main>
  </div>,
  "debug": [Function],
  "findAllByAltText": [Function],
  "findAllByDisplayValue": [Function],
  "findAllByLabelText": [Function],
  "findAllByPlaceholderText": [Function],
  "findAllByRole": [Function],
  "findAllByTestId": [Function],
  "findAllByText": [Function],
  "findAllByTitle": [Function],
  "findByAltText": [Function],
  "findByDisplayValue": [Function],
  "findByLabelText": [Function],
  "findByPlaceholderText": [Function],
  "findByRole": [Function],
  "findByTestId": [Function],
  "findByText": [Function],
  "findByTitle": [Function],
  "getAllByAltText": [Function],
  "getAllByDisplayValue": [Function],
  "getAllByLabelText": [Function],
  "getAllByPlaceholderText": [Function],
  "getAllByRole": [Function],
  "getAllByTestId": [Function],
  "getAllByText": [Function],
  "getAllByTitle": [Function],
  "getByAltText": [Function],
  "getByDisplayValue": [Function],
  "getByLabelText": [Function],
  "getByPlaceholderText": [Function],
  "getByRole": [Function],
  "getByTestId": [Function],
  "getByText": [Function],
  "getByTitle": [Function],
  "queryAllByAltText": [Function],
  "queryAllByDisplayValue": [Function],
  "queryAllByLabelText": [Function],
  "queryAllByPlaceholderText": [Function],
  "queryAllByRole": [Function],
  "queryAllByTestId": [Function],
  "queryAllByText": [Function],
  "queryAllByTitle": [Function],
  "queryByAltText": [Function],
  "queryByDisplayValue": [Function],
  "queryByLabelText": [Function],
  "queryByPlaceholderText": [Function],
  "queryByRole": [Function],
  "queryByTestId": [Function],
  "queryByText": [Function],
  "queryByTitle": [Function],
  "rerender": [Function],
  "unmount": [Function],
}
`;
